1775226049.224954 client started (20013): version 3.6a, socket /private/tmp/tmux-501/default, protocol 8
1775226049.224994 on Darwin 25.3.0 Darwin Kernel Version 25.3.0: Wed Jan 28 20:51:28 PST 2026; root:xnu-12377.91.3~2/RELEASE_ARM64_T6041
1775226049.225003 using libevent 2.1.12-stable select
1775226049.225031 using utf8proc 2.11.3
1775226049.225038 using ncurses 6.5 20240427
1775226049.225051 flags are 0x10010000
1775226049.225057 socket is /private/tmp/tmux-501/default
1775226049.225067 trying connect
1775226049.225098 add peer 0x1014b7bf0: 6 (0x0)
1775226049.226707 sending message 111 to peer 0x1014b7bf0 (8 bytes)
1775226049.226718 sending message 111 to peer 0x1014b7bf0 (8 bytes)
1775226049.226723 sending message 101 to peer 0x1014b7bf0 (15 bytes)
1775226049.226728 sending message 109 to peer 0x1014b7bf0 (4 bytes)
1775226049.226733 sending message 102 to peer 0x1014b7bf0 (13 bytes)
1775226049.226738 sending message 108 to peer 0x1014b7bf0 (32 bytes)
1775226049.226743 sending message 112 to peer 0x1014b7bf0 (58 bytes)
1775226049.226749 sending message 112 to peer 0x1014b7bf0 (5 bytes)
1775226049.226757 sending message 112 to peer 0x1014b7bf0 (5 bytes)
1775226049.226762 sending message 112 to peer 0x1014b7bf0 (6 bytes)
1775226049.226767 sending message 112 to peer 0x1014b7bf0 (6 bytes)
1775226049.226771 sending message 112 to peer 0x1014b7bf0 (11 bytes)
1775226049.226776 sending message 112 to peer 0x1014b7bf0 (10 bytes)
1775226049.226780 sending message 112 to peer 0x1014b7bf0 (13 bytes)
1775226049.226784 sending message 112 to peer 0x1014b7bf0 (14 bytes)
1775226049.226788 sending message 112 to peer 0x1014b7bf0 (19 bytes)
1775226049.226793 sending message 112 to peer 0x1014b7bf0 (11 bytes)
1775226049.226797 sending message 112 to peer 0x1014b7bf0 (10 bytes)
1775226049.226801 sending message 112 to peer 0x1014b7bf0 (15 bytes)
1775226049.226805 sending message 112 to peer 0x1014b7bf0 (21 bytes)
1775226049.226809 sending message 112 to peer 0x1014b7bf0 (13 bytes)
1775226049.226813 sending message 112 to peer 0x1014b7bf0 (7 bytes)
1775226049.226818 sending message 112 to peer 0x1014b7bf0 (13 bytes)
1775226049.226822 sending message 112 to peer 0x1014b7bf0 (7 bytes)
1775226049.226826 sending message 112 to peer 0x1014b7bf0 (13 bytes)
1775226049.226830 sending message 112 to peer 0x1014b7bf0 (9 bytes)
1775226049.226834 sending message 112 to peer 0x1014b7bf0 (21 bytes)
1775226049.226844 sending message 112 to peer 0x1014b7bf0 (13 bytes)
1775226049.226854 sending message 112 to peer 0x1014b7bf0 (9 bytes)
1775226049.226860 sending message 112 to peer 0x1014b7bf0 (16 bytes)
1775226049.226864 sending message 112 to peer 0x1014b7bf0 (13 bytes)
1775226049.226869 sending message 112 to peer 0x1014b7bf0 (9 bytes)
1775226049.226873 sending message 112 to peer 0x1014b7bf0 (9 bytes)
1775226049.226877 sending message 112 to peer 0x1014b7bf0 (12 bytes)
1775226049.226881 sending message 112 to peer 0x1014b7bf0 (8 bytes)
1775226049.226885 sending message 112 to peer 0x1014b7bf0 (8 bytes)
1775226049.226889 sending message 112 to peer 0x1014b7bf0 (13 bytes)
1775226049.226894 sending message 112 to peer 0x1014b7bf0 (7 bytes)
1775226049.226898 sending message 112 to peer 0x1014b7bf0 (7 bytes)
1775226049.226902 sending message 112 to peer 0x1014b7bf0 (9 bytes)
1775226049.226906 sending message 112 to peer 0x1014b7bf0 (9 bytes)
1775226049.226910 sending message 112 to peer 0x1014b7bf0 (15 bytes)
1775226049.226915 sending message 112 to peer 0x1014b7bf0 (13 bytes)
1775226049.226919 sending message 112 to peer 0x1014b7bf0 (12 bytes)
1775226049.226923 sending message 112 to peer 0x1014b7bf0 (8 bytes)
1775226049.226927 sending message 112 to peer 0x1014b7bf0 (14 bytes)
1775226049.226931 sending message 112 to peer 0x1014b7bf0 (11 bytes)
1775226049.226935 sending message 112 to peer 0x1014b7bf0 (9 bytes)
1775226049.226938 sending message 112 to peer 0x1014b7bf0 (10 bytes)
1775226049.226942 sending message 112 to peer 0x1014b7bf0 (10 bytes)
1775226049.226946 sending message 112 to peer 0x1014b7bf0 (10 bytes)
1775226049.226951 sending message 112 to peer 0x1014b7bf0 (10 bytes)
1775226049.226961 sending message 112 to peer 0x1014b7bf0 (11 bytes)
1775226049.226965 sending message 112 to peer 0x1014b7bf0 (12 bytes)
1775226049.226968 sending message 112 to peer 0x1014b7bf0 (12 bytes)
1775226049.226972 sending message 112 to peer 0x1014b7bf0 (12 bytes)
1775226049.226975 sending message 112 to peer 0x1014b7bf0 (12 bytes)
1775226049.226978 sending message 112 to peer 0x1014b7bf0 (12 bytes)
1775226049.226982 sending message 112 to peer 0x1014b7bf0 (11 bytes)
1775226049.226985 sending message 112 to peer 0x1014b7bf0 (11 bytes)
1775226049.226990 sending message 112 to peer 0x1014b7bf0 (12 bytes)
1775226049.226993 sending message 112 to peer 0x1014b7bf0 (12 bytes)
1775226049.226997 sending message 112 to peer 0x1014b7bf0 (12 bytes)
1775226049.227002 sending message 112 to peer 0x1014b7bf0 (12 bytes)
1775226049.227006 sending message 112 to peer 0x1014b7bf0 (12 bytes)
1775226049.227010 sending message 112 to peer 0x1014b7bf0 (9 bytes)
1775226049.227014 sending message 112 to peer 0x1014b7bf0 (12 bytes)
1775226049.227018 sending message 112 to peer 0x1014b7bf0 (13 bytes)
1775226049.227021 sending message 112 to peer 0x1014b7bf0 (13 bytes)
1775226049.227024 sending message 112 to peer 0x1014b7bf0 (13 bytes)
1775226049.227027 sending message 112 to peer 0x1014b7bf0 (13 bytes)
1775226049.227030 sending message 112 to peer 0x1014b7bf0 (13 bytes)
1775226049.227034 sending message 112 to peer 0x1014b7bf0 (8 bytes)
1775226049.227037 sending message 112 to peer 0x1014b7bf0 (11 bytes)
1775226049.227040 sending message 112 to peer 0x1014b7bf0 (11 bytes)
1775226049.227043 sending message 112 to peer 0x1014b7bf0 (11 bytes)
1775226049.227046 sending message 112 to peer 0x1014b7bf0 (12 bytes)
1775226049.227049 sending message 112 to peer 0x1014b7bf0 (12 bytes)
1775226049.227052 sending message 112 to peer 0x1014b7bf0 (12 bytes)
1775226049.227055 sending message 112 to peer 0x1014b7bf0 (12 bytes)
1775226049.227058 sending message 112 to peer 0x1014b7bf0 (13 bytes)
1775226049.227061 sending message 112 to peer 0x1014b7bf0 (13 bytes)
1775226049.227064 sending message 112 to peer 0x1014b7bf0 (13 bytes)
1775226049.227067 sending message 112 to peer 0x1014b7bf0 (8 bytes)
1775226049.227071 sending message 112 to peer 0x1014b7bf0 (13 bytes)
1775226049.227074 sending message 112 to peer 0x1014b7bf0 (13 bytes)
1775226049.227077 sending message 112 to peer 0x1014b7bf0 (13 bytes)
1775226049.227080 sending message 112 to peer 0x1014b7bf0 (13 bytes)
1775226049.227083 sending message 112 to peer 0x1014b7bf0 (13 bytes)
1775226049.227086 sending message 112 to peer 0x1014b7bf0 (12 bytes)
1775226049.227089 sending message 112 to peer 0x1014b7bf0 (12 bytes)
1775226049.227092 sending message 112 to peer 0x1014b7bf0 (12 bytes)
1775226049.227096 sending message 112 to peer 0x1014b7bf0 (12 bytes)
1775226049.227099 sending message 112 to peer 0x1014b7bf0 (13 bytes)
1775226049.227102 sending message 112 to peer 0x1014b7bf0 (8 bytes)
1775226049.227105 sending message 112 to peer 0x1014b7bf0 (13 bytes)
1775226049.227108 sending message 112 to peer 0x1014b7bf0 (13 bytes)
1775226049.227111 sending message 112 to peer 0x1014b7bf0 (13 bytes)
1775226049.227115 sending message 112 to peer 0x1014b7bf0 (13 bytes)
1775226049.227118 sending message 112 to peer 0x1014b7bf0 (13 bytes)
1775226049.227121 sending message 112 to peer 0x1014b7bf0 (13 bytes)
1775226049.227125 sending message 112 to peer 0x1014b7bf0 (13 bytes)
1775226049.227129 sending message 112 to peer 0x1014b7bf0 (12 bytes)
1775226049.227133 sending message 112 to peer 0x1014b7bf0 (12 bytes)
1775226049.227136 sending message 112 to peer 0x1014b7bf0 (12 bytes)
1775226049.227139 sending message 112 to peer 0x1014b7bf0 (8 bytes)
1775226049.227142 sending message 112 to peer 0x1014b7bf0 (12 bytes)
1775226049.227145 sending message 112 to peer 0x1014b7bf0 (13 bytes)
1775226049.227148 sending message 112 to peer 0x1014b7bf0 (13 bytes)
1775226049.227151 sending message 112 to peer 0x1014b7bf0 (13 bytes)
1775226049.227154 sending message 112 to peer 0x1014b7bf0 (13 bytes)
1775226049.227157 sending message 112 to peer 0x1014b7bf0 (13 bytes)
1775226049.227166 sending message 112 to peer 0x1014b7bf0 (13 bytes)
1775226049.227169 sending message 112 to peer 0x1014b7bf0 (13 bytes)
1775226049.227172 sending message 112 to peer 0x1014b7bf0 (13 bytes)
1775226049.227175 sending message 112 to peer 0x1014b7bf0 (12 bytes)
1775226049.227179 sending message 112 to peer 0x1014b7bf0 (10 bytes)
1775226049.227182 sending message 112 to peer 0x1014b7bf0 (12 bytes)
1775226049.227185 sending message 112 to peer 0x1014b7bf0 (12 bytes)
1775226049.227188 sending message 112 to peer 0x1014b7bf0 (12 bytes)
1775226049.227191 sending message 112 to peer 0x1014b7bf0 (13 bytes)
1775226049.227194 sending message 112 to peer 0x1014b7bf0 (13 bytes)
1775226049.227197 sending message 112 to peer 0x1014b7bf0 (13 bytes)
1775226049.227200 sending message 112 to peer 0x1014b7bf0 (13 bytes)
1775226049.227203 sending message 112 to peer 0x1014b7bf0 (13 bytes)
1775226049.227206 sending message 112 to peer 0x1014b7bf0 (13 bytes)
1775226049.227209 sending message 112 to peer 0x1014b7bf0 (13 bytes)
1775226049.227212 sending message 112 to peer 0x1014b7bf0 (10 bytes)
1775226049.227215 sending message 112 to peer 0x1014b7bf0 (13 bytes)
1775226049.227218 sending message 112 to peer 0x1014b7bf0 (12 bytes)
1775226049.227221 sending message 112 to peer 0x1014b7bf0 (12 bytes)
1775226049.227224 sending message 112 to peer 0x1014b7bf0 (12 bytes)
1775226049.227227 sending message 112 to peer 0x1014b7bf0 (10 bytes)
1775226049.227231 sending message 112 to peer 0x1014b7bf0 (10 bytes)
1775226049.227234 sending message 112 to peer 0x1014b7bf0 (10 bytes)
1775226049.227237 sending message 112 to peer 0x1014b7bf0 (12 bytes)
1775226049.227240 sending message 112 to peer 0x1014b7bf0 (13 bytes)
1775226049.227243 sending message 112 to peer 0x1014b7bf0 (13 bytes)
1775226049.227246 sending message 112 to peer 0x1014b7bf0 (13 bytes)
1775226049.227249 sending message 112 to peer 0x1014b7bf0 (13 bytes)
1775226049.227252 sending message 112 to peer 0x1014b7bf0 (13 bytes)
1775226049.227255 sending message 112 to peer 0x1014b7bf0 (10 bytes)
1775226049.227258 sending message 112 to peer 0x1014b7bf0 (11 bytes)
1775226049.227261 sending message 112 to peer 0x1014b7bf0 (12 bytes)
1775226049.227264 sending message 112 to peer 0x1014b7bf0 (12 bytes)
1775226049.227267 sending message 112 to peer 0x1014b7bf0 (12 bytes)
1775226049.227270 sending message 112 to peer 0x1014b7bf0 (12 bytes)
1775226049.227273 sending message 112 to peer 0x1014b7bf0 (12 bytes)
1775226049.227276 sending message 112 to peer 0x1014b7bf0 (11 bytes)
1775226049.227279 sending message 112 to peer 0x1014b7bf0 (12 bytes)
1775226049.227282 sending message 112 to peer 0x1014b7bf0 (12 bytes)
1775226049.227285 sending message 112 to peer 0x1014b7bf0 (13 bytes)
1775226049.227288 sending message 112 to peer 0x1014b7bf0 (13 bytes)
1775226049.227291 sending message 112 to peer 0x1014b7bf0 (13 bytes)
1775226049.227294 sending message 112 to peer 0x1014b7bf0 (13 bytes)
1775226049.227297 sending message 112 to peer 0x1014b7bf0 (13 bytes)
1775226049.227300 sending message 112 to peer 0x1014b7bf0 (10 bytes)
1775226049.227303 sending message 112 to peer 0x1014b7bf0 (9 bytes)
1775226049.227307 sending message 112 to peer 0x1014b7bf0 (12 bytes)
1775226049.227310 sending message 112 to peer 0x1014b7bf0 (13 bytes)
1775226049.227313 sending message 112 to peer 0x1014b7bf0 (13 bytes)
1775226049.227316 sending message 112 to peer 0x1014b7bf0 (13 bytes)
1775226049.227319 sending message 112 to peer 0x1014b7bf0 (13 bytes)
1775226049.227322 sending message 112 to peer 0x1014b7bf0 (13 bytes)
1775226049.227325 sending message 112 to peer 0x1014b7bf0 (9 bytes)
1775226049.227328 sending message 112 to peer 0x1014b7bf0 (12 bytes)
1775226049.227331 sending message 112 to peer 0x1014b7bf0 (13 bytes)
1775226049.227334 sending message 112 to peer 0x1014b7bf0 (13 bytes)
1775226049.227337 sending message 112 to peer 0x1014b7bf0 (13 bytes)
1775226049.227340 sending message 112 to peer 0x1014b7bf0 (13 bytes)
1775226049.227343 sending message 112 to peer 0x1014b7bf0 (13 bytes)
1775226049.227350 sending message 112 to peer 0x1014b7bf0 (11 bytes)
1775226049.227353 sending message 112 to peer 0x1014b7bf0 (12 bytes)
1775226049.227356 sending message 112 to peer 0x1014b7bf0 (13 bytes)
1775226049.227359 sending message 112 to peer 0x1014b7bf0 (13 bytes)
1775226049.227362 sending message 112 to peer 0x1014b7bf0 (13 bytes)
1775226049.227365 sending message 112 to peer 0x1014b7bf0 (13 bytes)
1775226049.227368 sending message 112 to peer 0x1014b7bf0 (13 bytes)
1775226049.227371 sending message 112 to peer 0x1014b7bf0 (11 bytes)
1775226049.227375 sending message 112 to peer 0x1014b7bf0 (12 bytes)
1775226049.227378 sending message 112 to peer 0x1014b7bf0 (12 bytes)
1775226049.227381 sending message 112 to peer 0x1014b7bf0 (12 bytes)
1775226049.227384 sending message 112 to peer 0x1014b7bf0 (12 bytes)
1775226049.227387 sending message 112 to peer 0x1014b7bf0 (12 bytes)
1775226049.227390 sending message 112 to peer 0x1014b7bf0 (21 bytes)
1775226049.227393 sending message 112 to peer 0x1014b7bf0 (12 bytes)
1775226049.227396 sending message 112 to peer 0x1014b7bf0 (9 bytes)
1775226049.227399 sending message 112 to peer 0x1014b7bf0 (6 bytes)
1775226049.227402 sending message 112 to peer 0x1014b7bf0 (13 bytes)
1775226049.227405 sending message 112 to peer 0x1014b7bf0 (10 bytes)
1775226049.227408 sending message 112 to peer 0x1014b7bf0 (24 bytes)
1775226049.227411 sending message 112 to peer 0x1014b7bf0 (13 bytes)
1775226049.227414 sending message 112 to peer 0x1014b7bf0 (9 bytes)
1775226049.227417 sending message 112 to peer 0x1014b7bf0 (70 bytes)
1775226049.227421 sending message 112 to peer 0x1014b7bf0 (69 bytes)
1775226049.227424 sending message 112 to peer 0x1014b7bf0 (12 bytes)
1775226049.227427 sending message 112 to peer 0x1014b7bf0 (10 bytes)
1775226049.227430 sending message 112 to peer 0x1014b7bf0 (10 bytes)
1775226049.227433 sending message 112 to peer 0x1014b7bf0 (24 bytes)
1775226049.227436 sending message 112 to peer 0x1014b7bf0 (13 bytes)
1775226049.227439 sending message 112 to peer 0x1014b7bf0 (10 bytes)
1775226049.227442 sending message 112 to peer 0x1014b7bf0 (10 bytes)
1775226049.227445 sending message 112 to peer 0x1014b7bf0 (10 bytes)
1775226049.227448 sending message 112 to peer 0x1014b7bf0 (13 bytes)
1775226049.227451 sending message 112 to peer 0x1014b7bf0 (15 bytes)
1775226049.227454 sending message 112 to peer 0x1014b7bf0 (5 bytes)
1775226049.227459 sending message 104 to peer 0x1014b7bf0 (0 bytes)
1775226049.227462 sending message 110 to peer 0x1014b7bf0 (0 bytes)
1775226049.227466 sending message 107 to peer 0x1014b7bf0 (4 bytes)
1775226049.227469 sending message 105 to peer 0x1014b7bf0 (55 bytes)
1775226049.227472 sending message 105 to peer 0x1014b7bf0 (48 bytes)
1775226049.227475 sending message 105 to peer 0x1014b7bf0 (29 bytes)
1775226049.227478 sending message 105 to peer 0x1014b7bf0 (25 bytes)
1775226049.227482 sending message 105 to peer 0x1014b7bf0 (66 bytes)
1775226049.227485 sending message 105 to peer 0x1014b7bf0 (26 bytes)
1775226049.227488 sending message 105 to peer 0x1014b7bf0 (27 bytes)
1775226049.227491 sending message 105 to peer 0x1014b7bf0 (26 bytes)
1775226049.227494 sending message 105 to peer 0x1014b7bf0 (20 bytes)
1775226049.227497 sending message 105 to peer 0x1014b7bf0 (22 bytes)
1775226049.227500 sending message 105 to peer 0x1014b7bf0 (42 bytes)
1775226049.227504 sending message 105 to peer 0x1014b7bf0 (4394 bytes)
1775226049.227507 sending message 105 to peer 0x1014b7bf0 (12 bytes)
1775226049.227511 sending message 105 to peer 0x1014b7bf0 (1003 bytes)
1775226049.227514 sending message 105 to peer 0x1014b7bf0 (57 bytes)
1775226049.227517 sending message 105 to peer 0x1014b7bf0 (75 bytes)
1775226049.227520 sending message 105 to peer 0x1014b7bf0 (47 bytes)
1775226049.227523 sending message 105 to peer 0x1014b7bf0 (27 bytes)
1775226049.227526 sending message 105 to peer 0x1014b7bf0 (37 bytes)
1775226049.227530 sending message 105 to peer 0x1014b7bf0 (30 bytes)
1775226049.227533 sending message 105 to peer 0x1014b7bf0 (34 bytes)
1775226049.227541 sending message 105 to peer 0x1014b7bf0 (60 bytes)
1775226049.227545 sending message 105 to peer 0x1014b7bf0 (70 bytes)
1775226049.227548 sending message 105 to peer 0x1014b7bf0 (17 bytes)
1775226049.227551 sending message 105 to peer 0x1014b7bf0 (8 bytes)
1775226049.227555 sending message 105 to peer 0x1014b7bf0 (23 bytes)
1775226049.227559 sending message 105 to peer 0x1014b7bf0 (32 bytes)
1775226049.227563 sending message 105 to peer 0x1014b7bf0 (96 bytes)
1775226049.227566 sending message 105 to peer 0x1014b7bf0 (54 bytes)
1775226049.227570 sending message 105 to peer 0x1014b7bf0 (106 bytes)
1775226049.227573 sending message 105 to peer 0x1014b7bf0 (52 bytes)
1775226049.227576 sending message 105 to peer 0x1014b7bf0 (39 bytes)
1775226049.227579 sending message 105 to peer 0x1014b7bf0 (18 bytes)
1775226049.227582 sending message 105 to peer 0x1014b7bf0 (11 bytes)
1775226049.227585 sending message 105 to peer 0x1014b7bf0 (1301 bytes)
1775226049.227589 sending message 105 to peer 0x1014b7bf0 (10 bytes)
1775226049.227592 sending message 105 to peer 0x1014b7bf0 (36 bytes)
1775226049.227595 sending message 105 to peer 0x1014b7bf0 (65 bytes)
1775226049.227598 sending message 105 to peer 0x1014b7bf0 (24 bytes)
1775226049.227601 sending message 105 to peer 0x1014b7bf0 (15 bytes)
1775226049.227604 sending message 105 to peer 0x1014b7bf0 (8 bytes)
1775226049.227607 sending message 105 to peer 0x1014b7bf0 (66 bytes)
1775226049.227610 sending message 105 to peer 0x1014b7bf0 (38 bytes)
1775226049.227613 sending message 105 to peer 0x1014b7bf0 (19 bytes)
1775226049.227617 sending message 105 to peer 0x1014b7bf0 (20 bytes)
1775226049.227620 sending message 105 to peer 0x1014b7bf0 (63 bytes)
1775226049.227623 sending message 105 to peer 0x1014b7bf0 (18 bytes)
1775226049.227626 sending message 105 to peer 0x1014b7bf0 (26 bytes)
1775226049.227631 sending message 105 to peer 0x1014b7bf0 (57 bytes)
1775226049.227636 sending message 105 to peer 0x1014b7bf0 (43 bytes)
1775226049.227640 sending message 105 to peer 0x1014b7bf0 (13 bytes)
1775226049.227643 sending message 105 to peer 0x1014b7bf0 (62 bytes)
1775226049.227646 sending message 105 to peer 0x1014b7bf0 (20 bytes)
1775226049.227649 sending message 105 to peer 0x1014b7bf0 (98 bytes)
1775226049.227652 sending message 105 to peer 0x1014b7bf0 (14 bytes)
1775226049.227656 sending message 105 to peer 0x1014b7bf0 (19 bytes)
1775226049.227659 sending message 105 to peer 0x1014b7bf0 (38 bytes)
1775226049.227662 sending message 105 to peer 0x1014b7bf0 (46 bytes)
1775226049.227665 sending message 105 to peer 0x1014b7bf0 (51 bytes)
1775226049.227668 sending message 105 to peer 0x1014b7bf0 (46 bytes)
1775226049.227671 sending message 105 to peer 0x1014b7bf0 (35 bytes)
1775226049.227674 sending message 105 to peer 0x1014b7bf0 (52 bytes)
1775226049.227677 sending message 105 to peer 0x1014b7bf0 (21 bytes)
1775226049.227681 sending message 105 to peer 0x1014b7bf0 (42 bytes)
1775226049.227684 sending message 105 to peer 0x1014b7bf0 (44 bytes)
1775226049.227687 sending message 105 to peer 0x1014b7bf0 (21 bytes)
1775226049.227690 sending message 105 to peer 0x1014b7bf0 (37 bytes)
1775226049.227693 sending message 105 to peer 0x1014b7bf0 (61 bytes)
1775226049.227696 sending message 105 to peer 0x1014b7bf0 (25 bytes)
1775226049.227699 sending message 105 to peer 0x1014b7bf0 (38 bytes)
1775226049.227702 sending message 105 to peer 0x1014b7bf0 (35 bytes)
1775226049.227705 sending message 105 to peer 0x1014b7bf0 (42 bytes)
1775226049.227709 sending message 105 to peer 0x1014b7bf0 (21 bytes)
1775226049.227712 sending message 105 to peer 0x1014b7bf0 (43 bytes)
1775226049.227716 sending message 105 to peer 0x1014b7bf0 (34 bytes)
1775226049.227720 sending message 105 to peer 0x1014b7bf0 (17 bytes)
1775226049.227723 sending message 105 to peer 0x1014b7bf0 (25 bytes)
1775226049.227726 sending message 106 to peer 0x1014b7bf0 (0 bytes)
1775226049.227867 sending message 200 to peer 0x1014b7bf0 (4 bytes)
1775226049.227873 client loop enter
1775226049.227986 peer 0x1014b7bf0 message 303
1775226049.227998 open write file 2 -
1775226049.228007 sending message 305 to peer 0x1014b7bf0 (8 bytes)
1775226049.228018 write check file 2
1775226049.228059 peer 0x1014b7bf0 message 304
1775226049.228065 write 58 to file 2
1775226049.228069 peer 0x1014b7bf0 message 203
1775226049.228073 file 2 58 bytes left
1775226049.228083 write check file 2
1775226049.228088 client loop exit
